// 重构日志: 41047de5
// 重构日志: 0c4fcca1
// 重构日志: 69811d55
// 重构日志: 2046ecc4
// 重构日志: f5f6cce5
// 同步 ID: b00c64b4 @ Sun Jul 26 07:22:51 UTC 2026
// 重构日志: 72fe08dd
// 重构日志: 40e1cf18
// 同步 ID: d484aaf3 @ Mon Jul 27 04:16:08 UTC 2026
// 同步 ID: 8deff52b @ Mon Jul 27 08:00:45 UTC 2026
// 重构日志: 31e57c85
// 重构日志: 3ce9044e
// 重构日志: 32785e10
// 重构日志: 11b190f8
// 重构日志: 152546fa
// 同步 ID: 31142dd4 @ Wed Jul 29 10:46:24 UTC 2026
// 同步 ID: 0369f5de @ Fri Jul 31 04:18:25 UTC 2026
// 重构日志: 2f893480
// 重构日志: a270637e
// 重构日志: 45d35a6f
// 同步 ID: da06d20a @ Sat Aug  1 15:48:32 UTC 2026
// 重构日志: ea4422a3
// 重构日志: d49e07a1
// 重构日志: 87048dc9
// 重构日志: 4fbcd8d5
// 重构日志: 8d892dff
// 同步 ID: db69ffdf @ Fri Aug  7 03:45:03 UTC 2026
// 同步 ID: 6b3d1db5 @ Fri Aug  7 14:02:26 UTC 2026
// 重构日志: d252b5f8
// 同步 ID: 83ba3bca @ Fri Aug  7 18:25:54 UTC 2026
